This is pdfTeX, Version 3.141592653-2.6-1.40.25 (TeX Live 2023/Debian) (preloaded format=pdflatex 2026.9.8)  15 SEP 2026 19:49
entering extended mode
 restricted \write18 enabled.
 file:line:error style messages enabled.
 %&-line parsing enabled.
**/home/angel/Desktop/MASTER/Probabilidad/latex_p1/practica_1/Probabilidad_P1.tex
(/home/angel/Desktop/MASTER/Probabilidad/latex_p1/practica_1/Probabilidad_P1.tex
LaTeX2e <2023-11-01> patch level 1
L3 programming layer <2024-01-22>
(/usr/share/texlive/texmf-dist/tex/latex/base/article.cls
Document Class: article 2023/05/17 v1.4n Standard LaTeX document class
(/usr/share/texlive/texmf-dist/tex/latex/base/size12.clo
File: size12.clo 2023/05/17 v1.4n Standard LaTeX file (size option)
)
\c@part=\count187
\c@section=\count188
\c@subsection=\count189
\c@subsubsection=\count190
\c@paragraph=\count191
\c@subparagraph=\count192
\c@figure=\count193
\c@table=\count194
\abovecaptionskip=\skip48
\belowcaptionskip=\skip49
\bibindent=\dimen140
) (/usr/share/texlive/texmf-dist/tex/latex/base/inputenc.sty
Package: inputenc 2021/02/14 v1.3d Input encoding file
\inpenc@prehook=\toks17
\inpenc@posthook=\toks18
) (/usr/share/texlive/texmf-dist/tex/latex/base/fontenc.sty
Package: fontenc 2021/04/29 v2.0v Standard LaTeX package
) (/usr/share/texlive/texmf-dist/tex/generic/babel/babel.sty
Package: babel 2024/01/07 v24.1 The Babel package
\babel@savecnt=\count195
\U@D=\dimen141
\l@unhyphenated=\language89
 (/usr/share/texlive/texmf-dist/tex/generic/babel/txtbabel.def)
\bbl@readstream=\read2
\bbl@dirlevel=\count196
 (/usr/share/texlive/texmf-dist/tex/generic/babel-spanish/spanish.ldf
Language: spanish.ldf 2021/05/27 v5.0q Spanish support from the babel system
\es@quottoks=\toks19
\es@quotdepth=\count197
Package babel Info: Making " an active character on input line 570.
Package babel Info: Making . an active character on input line 675.
Package babel Info: Making < an active character on input line 722.
Package babel Info: Making > an active character on input line 722.
)) (/usr/share/texlive/texmf-dist/tex/generic/babel/locale/es/babel-spanish.tex
Package babel Info: Importing font and identification data for spanish
(babel)             from babel-es.ini. Reported on input line 11.
) (/usr/share/texlive/texmf-dist/tex/latex/booktabs/booktabs.sty
Package: booktabs 2020/01/12 v1.61803398 Publication quality tables
\heavyrulewidth=\dimen142
\lightrulewidth=\dimen143
\cmidrulewidth=\dimen144
\belowrulesep=\dimen145
\belowbottomsep=\dimen146
\aboverulesep=\dimen147
\abovetopsep=\dimen148
\cmidrulesep=\dimen149
\cmidrulekern=\dimen150
\defaultaddspace=\dimen151
\@cmidla=\count198
\@cmidlb=\count199
\@aboverulesep=\dimen152
\@belowrulesep=\dimen153
\@thisruleclass=\count266
\@lastruleclass=\count267
\@thisrulewidth=\dimen154
) (/usr/share/texlive/texmf-dist/tex/latex/amsmath/amsmath.sty
Package: amsmath 2023/05/13 v2.17o AMS math features
\@mathmargin=\skip50

For additional information on amsmath, use the `?' option.
(/usr/share/texlive/texmf-dist/tex/latex/amsmath/amstext.sty
Package: amstext 2021/08/26 v2.01 AMS text
 (/usr/share/texlive/texmf-dist/tex/latex/amsmath/amsgen.sty
File: amsgen.sty 1999/11/30 v2.0 generic functions
\@emptytoks=\toks20
\ex@=\dimen155
)) (/usr/share/texlive/texmf-dist/tex/latex/amsmath/amsbsy.sty
Package: amsbsy 1999/11/29 v1.2d Bold Symbols
\pmbraise@=\dimen156
) (/usr/share/texlive/texmf-dist/tex/latex/amsmath/amsopn.sty
Package: amsopn 2022/04/08 v2.04 operator names
)
\inf@bad=\count268
LaTeX Info: Redefining \frac on input line 234.
\uproot@=\count269
\leftroot@=\count270
LaTeX Info: Redefining \overline on input line 399.
LaTeX Info: Redefining \colon on input line 410.
\classnum@=\count271
\DOTSCASE@=\count272
LaTeX Info: Redefining \ldots on input line 496.
LaTeX Info: Redefining \dots on input line 499.
LaTeX Info: Redefining \cdots on input line 620.
\Mathstrutbox@=\box51
\strutbox@=\box52
LaTeX Info: Redefining \big on input line 722.
LaTeX Info: Redefining \Big on input line 723.
LaTeX Info: Redefining \bigg on input line 724.
LaTeX Info: Redefining \Bigg on input line 725.
\big@size=\dimen157
LaTeX Font Info:    Redeclaring font encoding OML on input line 743.
LaTeX Font Info:    Redeclaring font encoding OMS on input line 744.
\macc@depth=\count273
LaTeX Info: Redefining \bmod on input line 905.
LaTeX Info: Redefining \pmod on input line 910.
LaTeX Info: Redefining \smash on input line 940.
LaTeX Info: Redefining \relbar on input line 970.
LaTeX Info: Redefining \Relbar on input line 971.
\c@MaxMatrixCols=\count274
\dotsspace@=\muskip16
\c@parentequation=\count275
\dspbrk@lvl=\count276
\tag@help=\toks21
\row@=\count277
\column@=\count278
\maxfields@=\count279
\andhelp@=\toks22
\eqnshift@=\dimen158
\alignsep@=\dimen159
\tagshift@=\dimen160
\tagwidth@=\dimen161
\totwidth@=\dimen162
\lineht@=\dimen163
\@envbody=\toks23
\multlinegap=\skip51
\multlinetaggap=\skip52
\mathdisplay@stack=\toks24
LaTeX Info: Redefining \[ on input line 2953.
LaTeX Info: Redefining \] on input line 2954.
) (/usr/share/texlive/texmf-dist/tex/latex/amsfonts/amssymb.sty
Package: amssymb 2013/01/14 v3.01 AMS font symbols
 (/usr/share/texlive/texmf-dist/tex/latex/amsfonts/amsfonts.sty
Package: amsfonts 2013/01/14 v3.01 Basic AMSFonts support
\symAMSa=\mathgroup4
\symAMSb=\mathgroup5
LaTeX Font Info:    Redeclaring math symbol \hbar on input line 98.
LaTeX Font Info:    Overwriting math alphabet `\mathfrak' in version `bold'
(Font)                  U/euf/m/n --> U/euf/b/n on input line 106.
)) (/usr/share/texlive/texmf-dist/tex/latex/graphics/graphicx.sty
Package: graphicx 2021/09/16 v1.2d Enhanced LaTeX Graphics (DPC,SPQR)
 (/usr/share/texlive/texmf-dist/tex/latex/graphics/keyval.sty
Package: keyval 2022/05/29 v1.15 key=value parser (DPC)
\KV@toks@=\toks25
) (/usr/share/texlive/texmf-dist/tex/latex/graphics/graphics.sty
Package: graphics 2022/03/10 v1.4e Standard LaTeX Graphics (DPC,SPQR)
 (/usr/share/texlive/texmf-dist/tex/latex/graphics/trig.sty
Package: trig 2021/08/11 v1.11 sin cos tan (DPC)
) (/usr/share/texlive/texmf-dist/tex/latex/graphics-cfg/graphics.cfg
File: graphics.cfg 2016/06/04 v1.11 sample graphics configuration
)
Package graphics Info: Driver file: pdftex.def on input line 107.
 (/usr/share/texlive/texmf-dist/tex/latex/graphics-def/pdftex.def
File: pdftex.def 2022/09/22 v1.2b Graphics/color driver for pdftex
))
\Gin@req@height=\dimen164
\Gin@req@width=\dimen165
) (/usr/share/texlive/texmf-dist/tex/latex/float/float.sty
Package: float 2001/11/08 v1.3d Float enhancements (AL)
\c@float@type=\count280
\float@exts=\toks26
\float@box=\box53
\@float@everytoks=\toks27
\@floatcapt=\box54
) (/usr/share/texlive/texmf-dist/tex/latex/geometry/geometry.sty
Package: geometry 2020/01/02 v5.9 Page Geometry
 (/usr/share/texlive/texmf-dist/tex/generic/iftex/ifvtex.sty
Package: ifvtex 2019/10/25 v1.7 ifvtex legacy package. Use iftex instead.
 (/usr/share/texlive/texmf-dist/tex/generic/iftex/iftex.sty
Package: iftex 2022/02/03 v1.0f TeX engine tests
))
\Gm@cnth=\count281
\Gm@cntv=\count282
\c@Gm@tempcnt=\count283
\Gm@bindingoffset=\dimen166
\Gm@wd@mp=\dimen167
\Gm@odd@mp=\dimen168
\Gm@even@mp=\dimen169
\Gm@layoutwidth=\dimen170
\Gm@layoutheight=\dimen171
\Gm@layouthoffset=\dimen172
\Gm@layoutvoffset=\dimen173
\Gm@dimlist=\toks28
) (/usr/share/texlive/texmf-dist/tex/latex/l3backend/l3backend-pdftex.def
File: l3backend-pdftex.def 2024-01-04 L3 backend support: PDF output (pdfTeX)
\l__color_backend_stack_int=\count284
\l__pdf_internal_box=\box55
) (./Probabilidad_P1.aux
LaTeX Info: Redefining \. on input line 8.
LaTeX Info: Redefining \% on input line 8.
)
\openout1 = `Probabilidad_P1.aux'.

LaTeX Font Info:    Checking defaults for OML/cmm/m/it on input line 21.
LaTeX Font Info:    ... okay on input line 21.
LaTeX Font Info:    Checking defaults for OMS/cmsy/m/n on input line 21.
LaTeX Font Info:    ... okay on input line 21.
LaTeX Font Info:    Checking defaults for OT1/cmr/m/n on input line 21.
LaTeX Font Info:    ... okay on input line 21.
LaTeX Font Info:    Checking defaults for T1/cmr/m/n on input line 21.
LaTeX Font Info:    ... okay on input line 21.
LaTeX Font Info:    Checking defaults for TS1/cmr/m/n on input line 21.
LaTeX Font Info:    ... okay on input line 21.
LaTeX Font Info:    Checking defaults for OMX/cmex/m/n on input line 21.
LaTeX Font Info:    ... okay on input line 21.
LaTeX Font Info:    Checking defaults for U/cmr/m/n on input line 21.
LaTeX Font Info:    ... okay on input line 21.
LaTeX Info: Redefining \. on input line 21.
LaTeX Info: Redefining \% on input line 21.
 (/usr/share/texlive/texmf-dist/tex/context/base/mkii/supp-pdf.mkii
[Loading MPS to PDF converter (version 2006.09.02).]
\scratchcounter=\count285
\scratchdimen=\dimen174
\scratchbox=\box56
\nofMPsegments=\count286
\nofMParguments=\count287
\everyMPshowfont=\toks29
\MPscratchCnt=\count288
\MPscratchDim=\dimen175
\MPnumerator=\count289
\makeMPintoPDFobject=\count290
\everyMPtoPDFconversion=\toks30
) (/usr/share/texlive/texmf-dist/tex/latex/epstopdf-pkg/epstopdf-base.sty
Package: epstopdf-base 2020-01-24 v2.11 Base part for package epstopdf
Package epstopdf-base Info: Redefining graphics rule for `.eps' on input line 485.
 (/usr/share/texlive/texmf-dist/tex/latex/latexconfig/epstopdf-sys.cfg
File: epstopdf-sys.cfg 2010/07/13 v1.3 Configuration of (r)epstopdf for TeX Live
))
*geometry* driver: auto-detecting
*geometry* detected driver: pdftex
*geometry* verbose mode - [ preamble ] result:
* driver: pdftex
* paper: a4paper
* layout: <same size as paper>
* layoutoffset:(h,v)=(0.0pt,0.0pt)
* modes: 
* h-part:(L,W,R)=(71.13188pt, 455.24411pt, 71.13188pt)
* v-part:(T,H,B)=(71.13188pt, 702.78308pt, 71.13188pt)
* \paperwidth=597.50787pt
* \paperheight=845.04684pt
* \textwidth=455.24411pt
* \textheight=702.78308pt
* \oddsidemargin=-1.1381pt
* \evensidemargin=-1.1381pt
* \topmargin=-38.1381pt
* \headheight=12.0pt
* \headsep=25.0pt
* \topskip=12.0pt
* \footskip=30.0pt
* \marginparwidth=35.0pt
* \marginparsep=10.0pt
* \columnsep=10.0pt
* \skip\footins=10.8pt plus 4.0pt minus 2.0pt
* \hoffset=0.0pt
* \voffset=0.0pt
* \mag=1000
* \@twocolumnfalse
* \@twosidefalse
* \@mparswitchfalse
* \@reversemarginfalse
* (1in=72.27pt=25.4mm, 1cm=28.453pt)

[1

{/var/lib/texmf/fonts/map/pdftex/updmap/pdftex.map}{/usr/share/texmf/fonts/enc/dvips/cm-super/cm-super-t1.enc}]
Underfull \hbox (badness 10000) in paragraph at lines 67--68

 []


Underfull \hbox (badness 10000) in paragraph at lines 69--70

 []

LaTeX Font Info:    Trying to load font information for U+msa on input line 92.
(/usr/share/texlive/texmf-dist/tex/latex/amsfonts/umsa.fd
File: umsa.fd 2013/01/14 v3.01 AMS symbols A
)
LaTeX Font Info:    Trying to load font information for U+msb on input line 92.
 (/usr/share/texlive/texmf-dist/tex/latex/amsfonts/umsb.fd
File: umsb.fd 2013/01/14 v3.01 AMS symbols B
)
Underfull \hbox (badness 10000) in paragraph at lines 117--118

 []

[1]
Underfull \hbox (badness 10000) in paragraph at lines 132--133

 []


Underfull \hbox (badness 10000) in paragraph at lines 143--144

 []

[2] [3]
<helecho_10_000.jpeg, id=28, 847.165pt x 758.835pt>
File: helecho_10_000.jpeg Graphic file (type jpg)
<use helecho_10_000.jpeg>
Package pdftex.def Info: helecho_10_000.jpeg  used on input line 231.
(pdftex.def)             Requested size: 341.43307pt x 305.83282pt.
<helecho_100_000.jpeg, id=29, 844.15375pt x 755.82375pt>
File: helecho_100_000.jpeg Graphic file (type jpg)
<use helecho_100_000.jpeg>
Package pdftex.def Info: helecho_100_000.jpeg  used on input line 238.
(pdftex.def)             Requested size: 341.43307pt x 305.71481pt.
 [4 <./helecho_10_000.jpeg>]
<helecho_1_000_000.jpeg, id=34, 849.1725pt x 753.81625pt>
File: helecho_1_000_000.jpeg Graphic file (type jpg)
<use helecho_1_000_000.jpeg>
Package pdftex.def Info: helecho_1_000_000.jpeg  used on input line 245.
(pdftex.def)             Requested size: 341.43307pt x 303.09697pt.
 [5 <./helecho_100_000.jpeg> <./helecho_1_000_000.jpeg>]
<estrella_10_000.jpeg, id=38, 846.16125pt x 756.8275pt>
File: estrella_10_000.jpeg Graphic file (type jpg)
<use estrella_10_000.jpeg>
Package pdftex.def Info: estrella_10_000.jpeg  used on input line 272.
(pdftex.def)             Requested size: 341.43307pt x 305.38173pt.
<estrella_100_000.jpeg, id=39, 849.1725pt x 752.8125pt>
File: estrella_100_000.jpeg Graphic file (type jpg)
<use estrella_100_000.jpeg>
Package pdftex.def Info: estrella_100_000.jpeg  used on input line 279.
(pdftex.def)             Requested size: 341.43307pt x 302.69337pt.
 [6 <./estrella_10_000.jpeg>]
<estrella_1_000_000.jpeg, id=44, 843.15pt x 750.805pt>
File: estrella_1_000_000.jpeg Graphic file (type jpg)
<use estrella_1_000_000.jpeg>
Package pdftex.def Info: estrella_1_000_000.jpeg  used on input line 286.
(pdftex.def)             Requested size: 341.43307pt x 304.04pt.
 [7 <./estrella_100_000.jpeg> <./estrella_1_000_000.jpeg>]
<dragon_10_000.jpeg, id=48, 844.15375pt x 758.835pt>
File: dragon_10_000.jpeg Graphic file (type jpg)
<use dragon_10_000.jpeg>
Package pdftex.def Info: dragon_10_000.jpeg  used on input line 310.
(pdftex.def)             Requested size: 341.43307pt x 306.93282pt.
<dragon_100_000.jpeg, id=49, 843.15pt x 753.81625pt>
File: dragon_100_000.jpeg Graphic file (type jpg)
<use dragon_100_000.jpeg>
Package pdftex.def Info: dragon_100_000.jpeg  used on input line 317.
(pdftex.def)             Requested size: 341.43307pt x 305.2594pt.
 [8 <./dragon_10_000.jpeg>]
<dragon_1_000_000.jpeg, id=53, 843.15pt x 756.8275pt>
File: dragon_1_000_000.jpeg Graphic file (type jpg)
<use dragon_1_000_000.jpeg>
Package pdftex.def Info: dragon_1_000_000.jpeg  used on input line 324.
(pdftex.def)             Requested size: 341.43307pt x 306.47882pt.
 [9 <./dragon_100_000.jpeg> <./dragon_1_000_000.jpeg>]
<maple_10_000.jpeg, id=57, 847.165pt x 758.835pt>
File: maple_10_000.jpeg Graphic file (type jpg)
<use maple_10_000.jpeg>
Package pdftex.def Info: maple_10_000.jpeg  used on input line 349.
(pdftex.def)             Requested size: 341.43307pt x 305.83282pt.
<maple_100_000.jpeg, id=58, 849.1725pt x 756.8275pt>
File: maple_100_000.jpeg Graphic file (type jpg)
<use maple_100_000.jpeg>
Package pdftex.def Info: maple_100_000.jpeg  used on input line 356.
(pdftex.def)             Requested size: 341.43307pt x 304.30774pt.
 [10 <./maple_10_000.jpeg>]
<maple_1_000_000.jpeg, id=62, 855.195pt x 755.82375pt>
File: maple_1_000_000.jpeg Graphic file (type jpg)
<use maple_1_000_000.jpeg>
Package pdftex.def Info: maple_1_000_000.jpeg  used on input line 363.
(pdftex.def)             Requested size: 341.43307pt x 301.75902pt.
 [11 <./maple_100_000.jpeg> <./maple_1_000_000.jpeg>]
<triangulo_10_000.jpeg, id=66, 850.17625pt x 758.835pt>
File: triangulo_10_000.jpeg Graphic file (type jpg)
<use triangulo_10_000.jpeg>
Package pdftex.def Info: triangulo_10_000.jpeg  used on input line 392.
(pdftex.def)             Requested size: 341.43307pt x 304.75598pt.
<triangulo_100_000.jpeg, id=67, 852.18375pt x 752.8125pt>
File: triangulo_100_000.jpeg Graphic file (type jpg)
<use triangulo_100_000.jpeg>
Package pdftex.def Info: triangulo_100_000.jpeg  used on input line 399.
(pdftex.def)             Requested size: 341.43307pt x 301.62509pt.
 [12 <./triangulo_10_000.jpeg>]
<triangulo_1_000_000.jpeg, id=72, 847.165pt x 752.8125pt>
File: triangulo_1_000_000.jpeg Graphic file (type jpg)
<use triangulo_1_000_000.jpeg>
Package pdftex.def Info: triangulo_1_000_000.jpeg  used on input line 406.
(pdftex.def)             Requested size: 341.43307pt x 303.40556pt.
 [13 <./triangulo_100_000.jpeg> <./triangulo_1_000_000.jpeg>]
<variante_10_000.jpeg, id=76, 844.15375pt x 753.81625pt>
File: variante_10_000.jpeg Graphic file (type jpg)
<use variante_10_000.jpeg>
Package pdftex.def Info: variante_10_000.jpeg  used on input line 448.
(pdftex.def)             Requested size: 341.43307pt x 304.90283pt.
<variante_100_000.jpeg, id=77, 849.1725pt x 756.8275pt>
File: variante_100_000.jpeg Graphic file (type jpg)
<use variante_100_000.jpeg>
Package pdftex.def Info: variante_100_000.jpeg  used on input line 455.
(pdftex.def)             Requested size: 341.43307pt x 304.30774pt.
 [14 <./variante_10_000.jpeg>]
<variante_1_000_000.jpeg, id=81, 850.17625pt x 761.84625pt>
File: variante_1_000_000.jpeg Graphic file (type jpg)
<use variante_1_000_000.jpeg>
Package pdftex.def Info: variante_1_000_000.jpeg  used on input line 462.
(pdftex.def)             Requested size: 341.43307pt x 305.96533pt.
 [15 <./variante_100_000.jpeg> <./variante_1_000_000.jpeg>]
<cristal_10_000.jpeg, id=85, 850.17625pt x 755.82375pt>
File: cristal_10_000.jpeg Graphic file (type jpg)
<use cristal_10_000.jpeg>
Package pdftex.def Info: cristal_10_000.jpeg  used on input line 476.
(pdftex.def)             Requested size: 341.43307pt x 303.54663pt.
<cristal_100_000.jpeg, id=86, 850.17625pt x 761.84625pt>
File: cristal_100_000.jpeg Graphic file (type jpg)
<use cristal_100_000.jpeg>
Package pdftex.def Info: cristal_100_000.jpeg  used on input line 483.
(pdftex.def)             Requested size: 341.43307pt x 305.96533pt.
 [16 <./cristal_10_000.jpeg>]
<cristal_1_000_000.jpeg, id=90, 852.18375pt x 758.835pt>
File: cristal_1_000_000.jpeg Graphic file (type jpg)
<use cristal_1_000_000.jpeg>
Package pdftex.def Info: cristal_1_000_000.jpeg  used on input line 490.
(pdftex.def)             Requested size: 341.43307pt x 304.0381pt.
 [17 <./cristal_100_000.jpeg> <./cristal_1_000_000.jpeg>]
<copo_10_000.jpeg, id=94, 847.165pt x 759.83875pt>
File: copo_10_000.jpeg Graphic file (type jpg)
<use copo_10_000.jpeg>
Package pdftex.def Info: copo_10_000.jpeg  used on input line 507.
(pdftex.def)             Requested size: 341.43307pt x 306.23735pt.
<copo_100_000.jpeg, id=95, 853.1875pt x 765.86125pt>
File: copo_100_000.jpeg Graphic file (type jpg)
<use copo_100_000.jpeg>
Package pdftex.def Info: copo_100_000.jpeg  used on input line 514.
(pdftex.def)             Requested size: 341.43307pt x 306.49098pt.
 [18 <./copo_10_000.jpeg>]
<copo_1_000_000.jpeg, id=100, 850.17625pt x 758.835pt>
File: copo_1_000_000.jpeg Graphic file (type jpg)
<use copo_1_000_000.jpeg>
Package pdftex.def Info: copo_1_000_000.jpeg  used on input line 521.
(pdftex.def)             Requested size: 341.43307pt x 304.75598pt.
 [19 <./copo_100_000.jpeg> <./copo_1_000_000.jpeg>]
<rama_10_000.jpeg, id=104, 853.1875pt x 762.85pt>
File: rama_10_000.jpeg Graphic file (type jpg)
<use rama_10_000.jpeg>
Package pdftex.def Info: rama_10_000.jpeg  used on input line 537.
(pdftex.def)             Requested size: 341.43307pt x 305.28592pt.
<rama_100_000.jpeg, id=105, 858.20625pt x 765.86125pt>
File: rama_100_000.jpeg Graphic file (type jpg)
<use rama_100_000.jpeg>
Package pdftex.def Info: rama_100_000.jpeg  used on input line 544.
(pdftex.def)             Requested size: 341.43307pt x 304.69133pt.
 [20 <./rama_10_000.jpeg>]
<rama_1_000_000.jpeg, id=109, 844.15375pt x 759.83875pt>
File: rama_1_000_000.jpeg Graphic file (type jpg)
<use rama_1_000_000.jpeg>
Package pdftex.def Info: rama_1_000_000.jpeg  used on input line 551.
(pdftex.def)             Requested size: 341.43307pt x 307.3388pt.
 [21 <./rama_100_000.jpeg> <./rama_1_000_000.jpeg>]
<pentagono_10_000.jpeg, id=113, 852.18375pt x 767.86874pt>
File: pentagono_10_000.jpeg Graphic file (type jpg)
<use pentagono_10_000.jpeg>
Package pdftex.def Info: pentagono_10_000.jpeg  used on input line 567.
(pdftex.def)             Requested size: 341.43307pt x 307.6576pt.
<pentagono_100_000.jpeg, id=114, 865.2325pt x 758.835pt>
File: pentagono_100_000.jpeg Graphic file (type jpg)
<use pentagono_100_000.jpeg>
Package pdftex.def Info: pentagono_100_000.jpeg  used on input line 574.
(pdftex.def)             Requested size: 341.43307pt x 299.44128pt.
 [22 <./Pentagono_10_000.jpeg>]
<pentagono_1_000_000.jpeg, id=118, 859.21pt x 759.83875pt>
File: pentagono_1_000_000.jpeg Graphic file (type jpg)
<use pentagono_1_000_000.jpeg>
Package pdftex.def Info: pentagono_1_000_000.jpeg  used on input line 581.
(pdftex.def)             Requested size: 341.43307pt x 301.9475pt.
 [23 <./pentagono_100_000.jpeg> <./Pentagono_1_000_000.jpeg>]
Underfull \hbox (badness 10000) in paragraph at lines 630--633

 []

[24] (./Probabilidad_P1.aux
LaTeX Info: Redefining \. on input line 8.
LaTeX Info: Redefining \% on input line 8.
)
 ***********
LaTeX2e <2023-11-01> patch level 1
L3 programming layer <2024-01-22>
 ***********
 ) 
Here is how much of TeX's memory you used:
 5179 strings out of 474222
 80615 string characters out of 5748734
 1931975 words of memory out of 5000000
 27387 multiletter control sequences out of 15000+600000
 569576 words of font info for 63 fonts, out of 8000000 for 9000
 1141 hyphenation exceptions out of 8191
 57i,8n,65p,546b,365s stack positions out of 10000i,1000n,20000p,200000b,200000s
</usr/share/texlive/texmf-dist/fonts/type1/public/amsfonts/cm/cmex10.pfb></usr/share/texlive/texmf-dist/fonts/type1/public/amsfonts/cm/cmmi12.pfb></usr/share/texlive/texmf-dist/fonts/type1/public/amsfonts/cm/cmmi8.pfb></usr/share/texlive/texmf-dist/fonts/type1/public/amsfonts/cm/cmr12.pfb></usr/share/texlive/texmf-dist/fonts/type1/public/amsfonts/cm/cmr8.pfb></usr/share/texlive/texmf-dist/fonts/type1/public/amsfonts/cm/cmsy10.pfb></usr/share/texlive/texmf-dist/fonts/type1/public/amsfonts/symbols/msbm10.pfb></usr/share/texmf/fonts/type1/public/cm-super/sfbx1200.pfb></usr/share/texmf/fonts/type1/public/cm-super/sfbx1440.pfb></usr/share/texmf/fonts/type1/public/cm-super/sfbx1728.pfb></usr/share/texmf/fonts/type1/public/cm-super/sfbx2074.pfb></usr/share/texmf/fonts/type1/public/cm-super/sfrm1200.pfb></usr/share/texmf/fonts/type1/public/cm-super/sfrm1440.pfb></usr/share/texmf/fonts/type1/public/cm-super/sfrm1728.pfb></usr/share/texmf/fonts/type1/public/cm-super/sfti1200.pfb>
Output written on Probabilidad_P1.pdf (25 pages, 3952573 bytes).
PDF statistics:
 192 PDF objects out of 1000 (max. 8388607)
 103 compressed objects within 2 object streams
 0 named destinations out of 1000 (max. 500000)
 151 words of extra memory for PDF output out of 10000 (max. 10000000)

